I'm sorry, but errors were detected in your script. Please correct the
errors listed below, and try again.


File "game/01cds.rpy", line 30: invalid syntax
        renpy.sound.play("audio/time travel/whoosh.mp3", renpy.volume 0.25, channel="sound")
                                                                       ^

Ren'Py Version: Ren'Py 8.3.3.24111502
Wed Apr 30 00:45:21 2025
